---
source: tests/integration/difficulty.rs
expression: stderr
---
error: feature not supported by format
  ┌─ <input>:7:1
  │  
7 │ ╭ inline void foo(int a) {
8 │ │     I1 = 2 * a;
9 │ │ }
  │ ╰─^ not supported by old-format ECL files

error: feature not supported by format
   ┌─ <input>:12:5
   │
12 │     foo(2:3:4:5);
   │     ^^^^^^^^^^^^^ call to inline func not supported by format


