---
source: tests/integration/type_check.rs
expression: stderr
---
error: type error
   ┌─ <input>:25:37
   │
25 │         inline float foo() { return sprite(0); }
   │                              ------ ^^^^^^^^^ void type
   │                              │       
   │                              expects a value


