---
source: tests/integration/anm_features.rs
expression: stderr
---
warning: rt_height = 21 should be a power of two
  ┌─ <input>:8:16
  │
8 │     rt_height: 21,
  │                ^^ not a power of two

warning: rt_width = 7 should be a power of two
  ┌─ <input>:7:15
  │
7 │     rt_width: 7,
  │               ^ not a power of two


