---
source: tests/integration/enums.rs
expression: stderr
---
error: unexpected token `enum`
   ┌─ <input>:20:31
   │
20 │             const int ConstFn(enum NotAnEnum x) {
   │                               ^^^^ unexpected token
   │
   = 
     Expected one of ")", "float", "int", "string", "var" or "void"


