---
source: tests/integration/pseudo.rs
expression: stderr
---
error: cannot supply both normal arguments and an args blob
   ┌─ <input>:29:32
   │
29 │         wait(@blob="0f000000", 15);
   │                    ----------  ^^ redundant normal argument
   │                    │            
   │                    represents all args


