---
source: tests/integration/anm_features.rs
expression: stderr
---
error: while writing '<output>':in entry 0 (for 'subdir/file.png'): entry has 'source: "copy"', but there's no bitmap data available!
 = if this data is available in an existing anm file, try using '-i ANM_FILE'
 = alternatively, use 'source: "dummy"' to create dummy data that thcrap can replace


