---
source: tests/integration/general.rs
expression: stderr
---
error: unexpected token `REG`
   ┌─ <input>:25:22
   │
25 │         void foo(int REG[100]) {}
   │                      ^^^ unexpected token
   │
   = 
     Expected one of ")", ",", ";", "anim", "case", "default", "ecli", "entry", "mapfile", "script" or IDENT


