---
source: tests/integration/image_sources.rs
expression: stderr
---
warning: rt_height = 21 should be a power of two
  ┌─ <input>:9:16
  │
9 │     rt_height: 21,
  │                ^^ not a power of two

warning: rt_width = 7 should be a power of two
  ┌─ <input>:8:15
  │
8 │     rt_width: 7,
  │               ^ not a power of two


