---
source: tests/integration/anm_consts.rs
expression: stderr
---
error: const evaluation error
   ┌─ <input>:36:66
   │
36 │         coolSprite: {x: 0.0, y: 0.0, w: 512.0, h: 480.0, id: 3 * I0},
   │         ----------                                               ^^ non-const expression
   │         │                                                         
   │         while evaluating this const


