---
source: tests/integration/msg_features.rs
expression: stderr
---
warning: unused script table entry
  ┌─ <input>:7:9
  │
4 │     table_len: 1,
  │                - unused due to this length
  ·
7 │         1: {script: "script1"},
  │         ^ unused table entry
8 │         2: {script: "script2"},
  │         ^ unused table entry
9 │         3: {script: "script2"},
  │         ^ unused table entry


