---
source: tests/integration/general.rs
expression: stderr
---
error: cannot supply both normal arguments and an args blob
   ┌─ <input>:28:32
   │
28 │         wait(@blob="0f000000", 15);
   │                    ----------  ^^ redundant normal argument
   │                    │            
   │                    represents all args


