---
source: tests/integration/image_sources.rs
expression: stderr
---
error: while writing '<output>':in entry 0 (for 'subdir/file.png'): no bitmap data available!
 = if this data is available in an existing anm file, try using '-i ANM_FILE'
 = alternatively, use 'has_data: false' to compile without an image


