---
source: tests/integration/std_features.rs
expression: stderr
---
error: incomplete metadata object
   ┌─ <input>:9:16
   │  
 9 │           thing: {
   │ ╭────────────────^
10 │ │             pos: [10.0, 20.0, 30.0],
11 │ │             size: [10.0, 20.0, 30.0],
12 │ │             quads: [],
13 │ │         },
   │ ╰─────────^ missing field 'layer'


