---
source: tests/integration/general.rs
expression: stderr
---
error: unexpected token `REG`
   ┌─ <input>:28:13
   │
28 │         int REG[100] = 3;
   │             ^^^ unexpected token
   │
   = 
     Expected one of "(", ";", "anim", "case", "default", "ecli", "entry", "mapfile", "script", "timeline" or IDENT


