---
source: tests/integration/count_jmps.rs
expression: stderr
---
error: feature not supported by format
   ┌─ <input>:29:13
   │
29 │             if (--I2 > 0) goto label;
   │             ^^^^^^^^^^^^^^^^^^^^^^^^^ decrement jump of this form not supported in this game
   │
   = this language supports a different form of decrement jump; try 'if (--I2)'


