---
source: tests/integration/image_sources.rs
expression: stderr
---
error: while writing '<output>':in entry 0 (for 'subdir/file.png'): no bitmap data available!
 = try using '-i ANM_FILE' or '-i path/to/patchdir' to supply a source for the image
 = alternatively, use 'has_data: false' to compile with no image, or 'has_data: "dummy"' to generate a magenta placeholder


