---
source: tests/integration/enums.rs
expression: stderr
---
error: unexpected token `enum`
   ┌─ <input>:26:27
   │
26 │         const int ConstFn(enum FooEnum x) {
   │                           ^^^^ unexpected token
   │
   = 
     Expected one of ")", "float", "int", "string", "var" or "void"


