---
source: src/resolve.rs
expression: "resolve_reformat::<ast::Script>(r#\"\n    script script0 {\n        int x = 3;\n        foo(x);  // should match `foo` definition\n    }\n\n    int foo(int x) {\n        return x;\n    }\n    \"#).trim()"
---
script script0 {
    int x_0 = 3;
    foo_0(x_0);
}


int foo_0(int x_1) {
    return x_1;
}
