---
source: src/var.rs
expression: "resolve_reformat::<ast::Block>(r#\"{\n        ins_21(A, X);\n        if (true) {\n            float A = 4.0;  // should be different `A`\n            float b = A;\n        }\n        ins_21(A, X);  // should be original `A`\n    }\"#).trim()"
---
{
    ins_21_2(A_3, X_4);
    if (1) {
        float A_7 = 4.0;
        float b_8 = A_7;
    }
    ins_21_2(A_3, X_4);
}
