---
source: src/var.rs
expression: "resolve_reformat(r#\"{\n        int a = 3;\n        if (true) {\n            int a = 4;\n            int b = a * a;\n        }\n        int c = a * a;\n        if (true) {\n            int a = 4;\n            int b = a * a;\n        }\n    }\"#).trim()"
---
{
    int a_4 = 3;
    if (1) {
        int a_5 = 4;
        int b_6 = (a_5 * a_5);
    }
    int c_7 = (a_4 * a_4);
    if (1) {
        int a_8 = 4;
        int b_9 = (a_8 * a_8);
    }
}
