---
source: src/var.rs
expression: "resolve_reformat(r#\"{\n        int a = 3;\n        if (true) {\n            int a = 4;\n            int b = a * a;\n        }\n        int c = a * a;\n        if (true) {\n            int a = 4;\n            int b = a * a;\n        }\n    }\"#).trim()"
---
{
    int a_5 = 3;
    if (1) {
        int a_6 = 4;
        int b_7 = (a_6 * a_6);
    }
    int c_8 = (a_5 * a_5);
    if (1) {
        int a_9 = 4;
        int b_10 = (a_9 * a_9);
    }
}
