---
source: src/resolve/tests.rs
expression: "resolve_reformat::<ast::Block>(r#\"{\n    alias(4, 3.0);\n    if (true) {\n        void alias() {}  // should be different `alias`\n        alias();\n    }\n    alias(4, 3.0);  // should be original `alias`\n}\"#).trim()"
---
{
    alias_0(4, 3.0);
    if (true_0) {
        void alias_1() {
        }

        alias_1();
    }
    alias_0(4, 3.0);
}
