---
source: src/resolve/tests.rs
expression: "resolve_reformat::<ast::Block>(r#\"{\n    const int x = 2;\n    if (true) {\n        int x = 2;\n        int foo() {\n            return x;  // should match the const\n        }\n    }\n}\"#).trim()"
---
{
    const int x_0 = 2;
    if (1) {
        int x_1 = 2;
        int foo_0() {
            return x_0;
        }
        
    }
}
