---
source: tests/integration/image_sources.rs
expression: stderr
---
error: unexpected image_source
   ┌─ <input>:18:30
   │
18 │         #pragma image_source "tests/integration/resources/th12-embedded-image-source.anm"
   │                              ^^^^^^^^^^^^^^^^^^^^^^^^^^^^^^^^^^^^^^^^^^^^^^^^^^^^^^^^^^^^ image_source not valid in this format


