---
source: tests/integration/timelines.rs
expression: stderr
---
warning: mixture of explicit and automatic timeline indices
  ┌─ <input>:2:8
  │
2 │ script 2 foo { ins_10(300); }
  │        ^ explicit index
3 │ script bar { ins_10(100); }
  │        --- implicitly has index 0
4 │ script baz { ins_10(200); }
  │        --- implicitly has index 1


