---
source: tests/integration/msg_features.rs
expression: stderr
---
warning: unused script table entry
  ┌─ <input>:6:9
  │
3 │     table_len: 1,
  │                - unused due to this length
  ·
6 │         1: {script: "script1"},
  │         ^ unused table entry
7 │         2: {script: "script2"},
  │         ^ unused table entry
8 │         3: {script: "script2"},
  │         ^ unused table entry


