---
source: tests/integration/pseudo.rs
expression: stderr
---
error: duplicate pseudo-arg
   ┌─ <input>:28:38
   │
28 │         wait(@blob="0f000000", @blob="0f000000");
   │                    ----------        ^^^^^^^^^^ duplicate pseudo-arg
   │                    │                  
   │                    previously supplied here


