---
source: tests/bits_2_bits.rs
expression: s
---
#pragma mapfile "map/any.anmm"

entry {
    path: "subdir/file.png",
    has_data: false,
    width: 512,
    height: 512,
    offset_x: 0,
    offset_y: 0,
    format: 3,
    colorkey: 0,
    memory_priority: 0,
    low_res_scale: false,
    sprites: {
        sprite0: {id: 0, x: 0.0, y: 0.0, w: 512.0, h: 480.0},
        sprite1: {id: 1, x: 0.0, y: 0.0, w: 512.0, h: 480.0},
        sprite46: {id: 46, x: 0.0, y: 0.0, w: 512.0, h: 480.0},
        sprite47: {id: 47, x: 0.0, y: 0.0, w: 512.0, h: 480.0},
    },
}


script 0 script0 {
    sprite(sprite46);
}

