---
source: tests/bits_2_bits.rs
expression: s
---
meta {
    unknown: 0,
    stage_name: "dm",
    bgm: [
        {path: "bgm/th08_08.mid", name: "dm"},
        {path: "bgm/th08_09.mid", name: "dm"},
        {path: " ", name: " "},
        {path: " ", name: " "},
    ],
    objects: {},
    instances: [],
}

script main {
    up(0.0, 1.0, -1.0);
    fov(0.5235988);
    posKeyframe(0.0, 0.0, 0.0);
    spriteC(5);
    spriteA(4);
    loop {
        pos(0.0, 4984.0, 20.0);
        posTime(1024, 0);
        pos(0.0, 5240.0, 20.0);
+1024: // 1024
    }
-1:
    posKeyframe(0.0, 0.0, 0.0);
}

