---
source: tests/integration/bits_2_bits.rs
expression: s
---
#pragma game 12
#pragma mapfile "map/any.anmm"

entry {
    path: "subdir/file.png",
    has_data: false,
    rt_width: 512,
    rt_height: 512,
    rt_format: FORMAT_RGB_565,
    memory_priority: 0,
    sprites: {
        sprite0: {x: 0.0, y: 0.0, w: 512.0, h: 480.0},
        sprite1: {x: 0.0, y: 0.0, w: 512.0, h: 480.0},
        sprite46: {x: 0.0, y: 0.0, w: 512.0, h: 480.0, id: 46},
        sprite47: {x: 0.0, y: 0.0, w: 512.0, h: 480.0},
    },
}


script 0 script0 {
    sprite(sprite46);
}

